// Jest Snapshot v1, https://goo.gl/fbAQLP

exports[`UserManagement should render correctly 1`] = `
<DocumentFragment>
  <div
    class="MuiGrid-root MuiGrid-container css-1ivc9un-MuiGrid-root"
  >
    <div
      class="MuiGrid-root MuiGrid-item MuiGrid-grid-xs-8 css-fnq3u3-MuiGrid-root"
    >
      <button
        class="MuiButtonBase-root MuiButton-root MuiButton-contained MuiButton-containedPrimary MuiButton-sizeLarge MuiButton-containedSizeLarge MuiButton-colorPrimary MuiButton-root MuiButton-contained MuiButton-containedPrimary MuiButton-sizeLarge MuiButton-containedSizeLarge MuiButton-colorPrimary css-jh47zj-MuiButtonBase-root-MuiButton-root"
        data-testid="create-user-button"
        tabindex="0"
        type="button"
      >
        <span
          class="MuiButton-icon MuiButton-startIcon MuiButton-iconSizeLarge css-htszrh-MuiButton-startIcon"
        >
          <svg
            aria-hidden="true"
            class="MuiSvgIcon-root MuiSvgIcon-fontSizeMedium css-i4bv87-MuiSvgIcon-root"
            data-testid="PersonAddIcon"
            focusable="false"
            viewBox="0 0 24 24"
          >
            <path
              d="M15 12c2.21 0 4-1.79 4-4s-1.79-4-4-4-4 1.79-4 4 1.79 4 4 4m-9-2V7H4v3H1v2h3v3h2v-3h3v-2zm9 4c-2.67 0-8 1.34-8 4v2h16v-2c0-2.66-5.33-4-8-4"
            />
          </svg>
        </span>
        Create New User
        <span
          class="MuiTouchRipple-root css-8je8zh-MuiTouchRipple-root"
        />
      </button>
    </div>
    <div
      class="MuiGrid-root MuiGrid-item MuiGrid-grid-xs-8 css-vok43g-MuiGrid-root"
    >
      <div
        class="MuiPaper-root MuiPaper-elevation MuiPaper-rounded MuiPaper-elevation8 css-18g19om-MuiPaper-root"
      >
        <div
          class="MuiBox-root css-8atqhb"
        >
          <div
            class="MuiDataGrid-root MuiDataGrid-autoHeight MuiDataGrid-root--densityStandard MuiDataGrid-withBorderColor css-14mxsc7-MuiDataGrid-root"
            data-testid="user-data-table"
            style="--DataGrid-width: 0px; --DataGrid-hasScrollX: 1; --DataGrid-hasScrollY: 0; --DataGrid-scrollbarSize: 0px; --DataGrid-rowWidth: 100px; --DataGrid-columnsTotalWidth: 100px; --DataGrid-leftPinnedWidth: 0px; --DataGrid-rightPinnedWidth: 0px; --DataGrid-headerHeight: 56px; --DataGrid-headersTotalHeight: 56px; --DataGrid-topContainerHeight: 56px; --DataGrid-bottomContainerHeight: 0px; --height: 52px;"
          >
            <div
              aria-colcount="4"
              aria-multiselectable="false"
              aria-rowcount="22"
              class="MuiDataGrid-main css-3eek4p-MuiDataGrid-main"
              role="grid"
              tabindex="-1"
            >
              <div
                class="css-qtdhae"
                data-id="gridPanelAnchor"
                role="presentation"
              />
              <div
                class="MuiDataGrid-virtualScroller css-1793420-MuiDataGrid-virtualScroller"
                role="presentation"
                style="overflow-x: hidden; overflow-y: hidden;"
                tabindex="-1"
              >
                <div
                  class="MuiDataGrid-topContainer MuiDataGrid-container--top css-1oudwrl"
                  role="presentation"
                >
                  <div
                    class="MuiDataGrid-columnHeaders css-1pmk00y-MuiDataGrid-columnHeaders"
                    role="presentation"
                  >
                    <div
                      aria-rowindex="1"
                      class="css-yrdy0g-MuiDataGrid-columnHeaderRow"
                      role="row"
                    >
                      <div
                        role="presentation"
                        style="width: 0px;"
                      />
                      <div
                        aria-colindex="1"
                        aria-label="Name"
                        aria-sort="none"
                        class="MuiDataGrid-columnHeader MuiDataGrid-columnHeader--alignCenter MuiDataGrid-columnHeader--sortable MuiDataGrid-withBorderColor"
                        data-field="name"
                        role="columnheader"
                        style="height: 56px; width: 0px; min-width: 0; max-width: 0;"
                        tabindex="0"
                      >
                        <div
                          class="MuiDataGrid-columnHeaderDraggableContainer"
                          draggable="false"
                          role="presentation"
                        >
                          <div
                            class="MuiDataGrid-columnHeaderTitleContainer"
                            role="presentation"
                          >
                            <div
                              class="MuiDataGrid-columnHeaderTitleContainerContent"
                            >
                              <div
                                aria-label=""
                                class="MuiDataGrid-columnHeaderTitle css-t89xny-MuiDataGrid-columnHeaderTitle"
                                data-mui-internal-clone-element="true"
                              >
                                Name
                              </div>
                            </div>
                          </div>
                        </div>
                        <div
                          class="MuiDataGrid-columnSeparator MuiDataGrid-columnSeparator--resizable MuiDataGrid-columnSeparator--sideRight"
                          style="min-height: 56px; opacity: 1;"
                        >
                          <svg
                            aria-hidden="true"
                            class="MuiSvgIcon-root MuiSvgIcon-fontSizeMedium MuiDataGrid-iconSeparator css-i4bv87-MuiSvgIcon-root"
                            data-testid="SeparatorIcon"
                            focusable="false"
                            viewBox="0 0 24 24"
                          >
                            <path
                              d="M11 19V5h2v14z"
                            />
                          </svg>
                        </div>
                      </div>
                      <div
                        aria-colindex="2"
                        aria-label="Email"
                        aria-sort="none"
                        class="MuiDataGrid-columnHeader MuiDataGrid-columnHeader--alignCenter MuiDataGrid-columnHeader--sortable MuiDataGrid-withBorderColor"
                        data-field="email"
                        role="columnheader"
                        style="height: 56px; width: 0px; min-width: 0; max-width: 0;"
                        tabindex="-1"
                      >
                        <div
                          class="MuiDataGrid-columnHeaderDraggableContainer"
                          draggable="false"
                          role="presentation"
                        >
                          <div
                            class="MuiDataGrid-columnHeaderTitleContainer"
                            role="presentation"
                          >
                            <div
                              class="MuiDataGrid-columnHeaderTitleContainerContent"
                            >
                              <div
                                aria-label=""
                                class="MuiDataGrid-columnHeaderTitle css-t89xny-MuiDataGrid-columnHeaderTitle"
                                data-mui-internal-clone-element="true"
                              >
                                Email
                              </div>
                            </div>
                          </div>
                        </div>
                        <div
                          class="MuiDataGrid-columnSeparator MuiDataGrid-columnSeparator--resizable MuiDataGrid-columnSeparator--sideRight"
                          style="min-height: 56px; opacity: 1;"
                        >
                          <svg
                            aria-hidden="true"
                            class="MuiSvgIcon-root MuiSvgIcon-fontSizeMedium MuiDataGrid-iconSeparator css-i4bv87-MuiSvgIcon-root"
                            data-testid="SeparatorIcon"
                            focusable="false"
                            viewBox="0 0 24 24"
                          >
                            <path
                              d="M11 19V5h2v14z"
                            />
                          </svg>
                        </div>
                      </div>
                      <div
                        aria-colindex="3"
                        aria-label="Role"
                        aria-sort="none"
                        class="MuiDataGrid-columnHeader MuiDataGrid-columnHeader--alignCenter MuiDataGrid-columnHeader--sortable MuiDataGrid-withBorderColor"
                        data-field="role"
                        role="columnheader"
                        style="height: 56px; width: 0px; min-width: 0; max-width: 0;"
                        tabindex="-1"
                      >
                        <div
                          class="MuiDataGrid-columnHeaderDraggableContainer"
                          draggable="false"
                          role="presentation"
                        >
                          <div
                            class="MuiDataGrid-columnHeaderTitleContainer"
                            role="presentation"
                          >
                            <div
                              class="MuiDataGrid-columnHeaderTitleContainerContent"
                            >
                              <div
                                aria-label=""
                                class="MuiDataGrid-columnHeaderTitle css-t89xny-MuiDataGrid-columnHeaderTitle"
                                data-mui-internal-clone-element="true"
                              >
                                Role
                              </div>
                            </div>
                          </div>
                        </div>
                        <div
                          class="MuiDataGrid-columnSeparator MuiDataGrid-columnSeparator--resizable MuiDataGrid-columnSeparator--sideRight"
                          style="min-height: 56px; opacity: 1;"
                        >
                          <svg
                            aria-hidden="true"
                            class="MuiSvgIcon-root MuiSvgIcon-fontSizeMedium MuiDataGrid-iconSeparator css-i4bv87-MuiSvgIcon-root"
                            data-testid="SeparatorIcon"
                            focusable="false"
                            viewBox="0 0 24 24"
                          >
                            <path
                              d="M11 19V5h2v14z"
                            />
                          </svg>
                        </div>
                      </div>
                      <div
                        aria-colindex="4"
                        aria-label="Action"
                        aria-sort="none"
                        class="MuiDataGrid-columnHeader MuiDataGrid-columnHeader--alignCenter MuiDataGrid-columnHeader--sortable MuiDataGrid-withBorderColor MuiDataGrid-columnHeader--last"
                        data-field="action"
                        role="columnheader"
                        style="height: 56px; width: 100px; min-width: 100px; max-width: 100px;"
                        tabindex="-1"
                      >
                        <div
                          class="MuiDataGrid-columnHeaderDraggableContainer"
                          draggable="false"
                          role="presentation"
                        >
                          <div
                            class="MuiDataGrid-columnHeaderTitleContainer"
                            role="presentation"
                          >
                            <div
                              class="MuiDataGrid-columnHeaderTitleContainerContent"
                            >
                              <div
                                aria-label=""
                                class="MuiDataGrid-columnHeaderTitle css-t89xny-MuiDataGrid-columnHeaderTitle"
                                data-mui-internal-clone-element="true"
                              >
                                Action
                              </div>
                            </div>
                          </div>
                        </div>
                        <div
                          class="MuiDataGrid-columnSeparator MuiDataGrid-columnSeparator--resizable MuiDataGrid-columnSeparator--sideRight"
                          style="min-height: 56px; opacity: 1;"
                        >
                          <svg
                            aria-hidden="true"
                            class="MuiSvgIcon-root MuiSvgIcon-fontSizeMedium MuiDataGrid-iconSeparator css-i4bv87-MuiSvgIcon-root"
                            data-testid="SeparatorIcon"
                            focusable="false"
                            viewBox="0 0 24 24"
                          >
                            <path
                              d="M11 19V5h2v14z"
                            />
                          </svg>
                        </div>
                      </div>
                      <div
                        class="MuiDataGrid-filler"
                        role="presentation"
                      />
                      <div
                        class="MuiDataGrid-scrollbarFiller MuiDataGrid-scrollbarFiller--header"
                        role="presentation"
                      />
                    </div>
                  </div>
                </div>
                <div
                  class="MuiDataGrid-virtualScrollerContent css-1kwdphh-MuiDataGrid-virtualScrollerContent"
                  role="presentation"
                  style="width: auto; height: 1092px;"
                >
                  <div
                    class="MuiDataGrid-virtualScrollerRenderZone css-s1v7zr-MuiDataGrid-virtualScrollerRenderZone"
                    role="rowgroup"
                    style="transform: translate3d(0, 0px, 0);"
                  >
                    <div
                      aria-rowindex="2"
                      aria-selected="false"
                      class="MuiDataGrid-row MuiDataGrid-row--firstVisible"
                      data-id="0"
                      data-rowindex="0"
                      role="user-data-table-row"
                      style="max-height: 52px; min-height: 52px; --height: 52px;"
                    >
                      <div
                        class="MuiDataGrid-cellOffsetLeft"
                        role="presentation"
                        style="width: 0px;"
                      />
                      <div
                        aria-colindex="1"
                        aria-colspan="1"
                        class="MuiDataGrid-cell MuiDataGrid-cell--textLeft"
                        data-colindex="0"
                        data-field="name"
                        role="gridcell"
                        style="--width: 0px;"
                        tabindex="-1"
                        title="user0"
                      >
                        user0
                      </div>
                      <div
                        aria-colindex="2"
                        aria-colspan="1"
                        class="MuiDataGrid-cell MuiDataGrid-cell--textLeft"
                        data-colindex="1"
                        data-field="email"
                        role="gridcell"
                        style="--width: 0px;"
                        tabindex="-1"
                        title="user0@mail.com"
                      >
                        user0@mail.com
                      </div>
                      <div
                        aria-colindex="3"
                        aria-colspan="1"
                        class="MuiDataGrid-cell MuiDataGrid-cell--textLeft"
                        data-colindex="2"
                        data-field="role"
                        role="gridcell"
                        style="--width: 0px;"
                        tabindex="-1"
                        title="User"
                      >
                        User
                      </div>
                      <div
                        aria-colindex="4"
                        aria-colspan="1"
                        class="MuiDataGrid-cell MuiDataGrid-cell--textLeft"
                        data-colindex="3"
                        data-field="action"
                        role="gridcell"
                        style="--width: 100px;"
                        tabindex="-1"
                      >
                        <button
                          class="MuiButtonBase-root MuiIconButton-root MuiIconButton-sizeMedium css-78trlr-MuiButtonBase-root-MuiIconButton-root"
                          data-testid="edit-icon-action-0"
                          tabindex="0"
                          type="button"
                        >
                          <svg
                            aria-hidden="true"
                            class="MuiSvgIcon-root MuiSvgIcon-fontSizeMedium css-i4bv87-MuiSvgIcon-root"
                            data-testid="EditIcon"
                            focusable="false"
                            viewBox="0 0 24 24"
                          >
                            <path
                              d="M3 17.25V21h3.75L17.81 9.94l-3.75-3.75zM20.71 7.04c.39-.39.39-1.02 0-1.41l-2.34-2.34a.9959.9959 0 0 0-1.41 0l-1.83 1.83 3.75 3.75z"
                            />
                          </svg>
                          <span
                            class="MuiTouchRipple-root css-8je8zh-MuiTouchRipple-root"
                          />
                        </button>
                      </div>
                    </div>
                    <div
                      aria-rowindex="3"
                      aria-selected="false"
                      class="MuiDataGrid-row"
                      data-id="1"
                      data-rowindex="1"
                      role="user-data-table-row"
                      style="max-height: 52px; min-height: 52px; --height: 52px;"
                    >
                      <div
                        class="MuiDataGrid-cellOffsetLeft"
                        role="presentation"
                        style="width: 0px;"
                      />
                      <div
                        aria-colindex="1"
                        aria-colspan="1"
                        class="MuiDataGrid-cell MuiDataGrid-cell--textLeft"
                        data-colindex="0"
                        data-field="name"
                        role="gridcell"
                        style="--width: 0px;"
                        tabindex="-1"
                        title="user1"
                      >
                        user1
                      </div>
                      <div
                        aria-colindex="2"
                        aria-colspan="1"
                        class="MuiDataGrid-cell MuiDataGrid-cell--textLeft"
                        data-colindex="1"
                        data-field="email"
                        role="gridcell"
                        style="--width: 0px;"
                        tabindex="-1"
                        title="user1@mail.com"
                      >
                        user1@mail.com
                      </div>
                      <div
                        aria-colindex="3"
                        aria-colspan="1"
                        class="MuiDataGrid-cell MuiDataGrid-cell--textLeft"
                        data-colindex="2"
                        data-field="role"
                        role="gridcell"
                        style="--width: 0px;"
                        tabindex="-1"
                        title="User"
                      >
                        User
                      </div>
                      <div
                        aria-colindex="4"
                        aria-colspan="1"
                        class="MuiDataGrid-cell MuiDataGrid-cell--textLeft"
                        data-colindex="3"
                        data-field="action"
                        role="gridcell"
                        style="--width: 100px;"
                        tabindex="-1"
                      >
                        <button
                          class="MuiButtonBase-root MuiIconButton-root MuiIconButton-sizeMedium css-78trlr-MuiButtonBase-root-MuiIconButton-root"
                          data-testid="edit-icon-action-1"
                          tabindex="0"
                          type="button"
                        >
                          <svg
                            aria-hidden="true"
                            class="MuiSvgIcon-root MuiSvgIcon-fontSizeMedium css-i4bv87-MuiSvgIcon-root"
                            data-testid="EditIcon"
                            focusable="false"
                            viewBox="0 0 24 24"
                          >
                            <path
                              d="M3 17.25V21h3.75L17.81 9.94l-3.75-3.75zM20.71 7.04c.39-.39.39-1.02 0-1.41l-2.34-2.34a.9959.9959 0 0 0-1.41 0l-1.83 1.83 3.75 3.75z"
                            />
                          </svg>
                          <span
                            class="MuiTouchRipple-root css-8je8zh-MuiTouchRipple-root"
                          />
                        </button>
                      </div>
                    </div>
                    <div
                      aria-rowindex="4"
                      aria-selected="false"
                      class="MuiDataGrid-row"
                      data-id="2"
                      data-rowindex="2"
                      role="user-data-table-row"
                      style="max-height: 52px; min-height: 52px; --height: 52px;"
                    >
                      <div
                        class="MuiDataGrid-cellOffsetLeft"
                        role="presentation"
                        style="width: 0px;"
                      />
                      <div
                        aria-colindex="1"
                        aria-colspan="1"
                        class="MuiDataGrid-cell MuiDataGrid-cell--textLeft"
                        data-colindex="0"
                        data-field="name"
                        role="gridcell"
                        style="--width: 0px;"
                        tabindex="-1"
                        title="user2"
                      >
                        user2
                      </div>
                      <div
                        aria-colindex="2"
                        aria-colspan="1"
                        class="MuiDataGrid-cell MuiDataGrid-cell--textLeft"
                        data-colindex="1"
                        data-field="email"
                        role="gridcell"
                        style="--width: 0px;"
                        tabindex="-1"
                        title="user2@mail.com"
                      >
                        user2@mail.com
                      </div>
                      <div
                        aria-colindex="3"
                        aria-colspan="1"
                        class="MuiDataGrid-cell MuiDataGrid-cell--textLeft"
                        data-colindex="2"
                        data-field="role"
                        role="gridcell"
                        style="--width: 0px;"
                        tabindex="-1"
                        title="User"
                      >
                        User
                      </div>
                      <div
                        aria-colindex="4"
                        aria-colspan="1"
                        class="MuiDataGrid-cell MuiDataGrid-cell--textLeft"
                        data-colindex="3"
                        data-field="action"
                        role="gridcell"
                        style="--width: 100px;"
                        tabindex="-1"
                      >
                        <button
                          class="MuiButtonBase-root MuiIconButton-root MuiIconButton-sizeMedium css-78trlr-MuiButtonBase-root-MuiIconButton-root"
                          data-testid="edit-icon-action-2"
                          tabindex="0"
                          type="button"
                        >
                          <svg
                            aria-hidden="true"
                            class="MuiSvgIcon-root MuiSvgIcon-fontSizeMedium css-i4bv87-MuiSvgIcon-root"
                            data-testid="EditIcon"
                            focusable="false"
                            viewBox="0 0 24 24"
                          >
                            <path
                              d="M3 17.25V21h3.75L17.81 9.94l-3.75-3.75zM20.71 7.04c.39-.39.39-1.02 0-1.41l-2.34-2.34a.9959.9959 0 0 0-1.41 0l-1.83 1.83 3.75 3.75z"
                            />
                          </svg>
                          <span
                            class="MuiTouchRipple-root css-8je8zh-MuiTouchRipple-root"
                          />
                        </button>
                      </div>
                    </div>
                    <div
                      aria-rowindex="5"
                      aria-selected="false"
                      class="MuiDataGrid-row"
                      data-id="3"
                      data-rowindex="3"
                      role="user-data-table-row"
                      style="max-height: 52px; min-height: 52px; --height: 52px;"
                    >
                      <div
                        class="MuiDataGrid-cellOffsetLeft"
                        role="presentation"
                        style="width: 0px;"
                      />
                      <div
                        aria-colindex="1"
                        aria-colspan="1"
                        class="MuiDataGrid-cell MuiDataGrid-cell--textLeft"
                        data-colindex="0"
                        data-field="name"
                        role="gridcell"
                        style="--width: 0px;"
                        tabindex="-1"
                        title="user3"
                      >
                        user3
                      </div>
                      <div
                        aria-colindex="2"
                        aria-colspan="1"
                        class="MuiDataGrid-cell MuiDataGrid-cell--textLeft"
                        data-colindex="1"
                        data-field="email"
                        role="gridcell"
                        style="--width: 0px;"
                        tabindex="-1"
                        title="user3@mail.com"
                      >
                        user3@mail.com
                      </div>
                      <div
                        aria-colindex="3"
                        aria-colspan="1"
                        class="MuiDataGrid-cell MuiDataGrid-cell--textLeft"
                        data-colindex="2"
                        data-field="role"
                        role="gridcell"
                        style="--width: 0px;"
                        tabindex="-1"
                        title="User"
                      >
                        User
                      </div>
                      <div
                        aria-colindex="4"
                        aria-colspan="1"
                        class="MuiDataGrid-cell MuiDataGrid-cell--textLeft"
                        data-colindex="3"
                        data-field="action"
                        role="gridcell"
                        style="--width: 100px;"
                        tabindex="-1"
                      >
                        <button
                          class="MuiButtonBase-root MuiIconButton-root MuiIconButton-sizeMedium css-78trlr-MuiButtonBase-root-MuiIconButton-root"
                          data-testid="edit-icon-action-3"
                          tabindex="0"
                          type="button"
                        >
                          <svg
                            aria-hidden="true"
                            class="MuiSvgIcon-root MuiSvgIcon-fontSizeMedium css-i4bv87-MuiSvgIcon-root"
                            data-testid="EditIcon"
                            focusable="false"
                            viewBox="0 0 24 24"
                          >
                            <path
                              d="M3 17.25V21h3.75L17.81 9.94l-3.75-3.75zM20.71 7.04c.39-.39.39-1.02 0-1.41l-2.34-2.34a.9959.9959 0 0 0-1.41 0l-1.83 1.83 3.75 3.75z"
                            />
                          </svg>
                          <span
                            class="MuiTouchRipple-root css-8je8zh-MuiTouchRipple-root"
                          />
                        </button>
                      </div>
                    </div>
                    <div
                      aria-rowindex="6"
                      aria-selected="false"
                      class="MuiDataGrid-row"
                      data-id="4"
                      data-rowindex="4"
                      role="user-data-table-row"
                      style="max-height: 52px; min-height: 52px; --height: 52px;"
                    >
                      <div
                        class="MuiDataGrid-cellOffsetLeft"
                        role="presentation"
                        style="width: 0px;"
                      />
                      <div
                        aria-colindex="1"
                        aria-colspan="1"
                        class="MuiDataGrid-cell MuiDataGrid-cell--textLeft"
                        data-colindex="0"
                        data-field="name"
                        role="gridcell"
                        style="--width: 0px;"
                        tabindex="-1"
                        title="user4"
                      >
                        user4
                      </div>
                      <div
                        aria-colindex="2"
                        aria-colspan="1"
                        class="MuiDataGrid-cell MuiDataGrid-cell--textLeft"
                        data-colindex="1"
                        data-field="email"
                        role="gridcell"
                        style="--width: 0px;"
                        tabindex="-1"
                        title="user4@mail.com"
                      >
                        user4@mail.com
                      </div>
                      <div
                        aria-colindex="3"
                        aria-colspan="1"
                        class="MuiDataGrid-cell MuiDataGrid-cell--textLeft"
                        data-colindex="2"
                        data-field="role"
                        role="gridcell"
                        style="--width: 0px;"
                        tabindex="-1"
                        title="User"
                      >
                        User
                      </div>
                      <div
                        aria-colindex="4"
                        aria-colspan="1"
                        class="MuiDataGrid-cell MuiDataGrid-cell--textLeft"
                        data-colindex="3"
                        data-field="action"
                        role="gridcell"
                        style="--width: 100px;"
                        tabindex="-1"
                      >
                        <button
                          class="MuiButtonBase-root MuiIconButton-root MuiIconButton-sizeMedium css-78trlr-MuiButtonBase-root-MuiIconButton-root"
                          data-testid="edit-icon-action-4"
                          tabindex="0"
                          type="button"
                        >
                          <svg
                            aria-hidden="true"
                            class="MuiSvgIcon-root MuiSvgIcon-fontSizeMedium css-i4bv87-MuiSvgIcon-root"
                            data-testid="EditIcon"
                            focusable="false"
                            viewBox="0 0 24 24"
                          >
                            <path
                              d="M3 17.25V21h3.75L17.81 9.94l-3.75-3.75zM20.71 7.04c.39-.39.39-1.02 0-1.41l-2.34-2.34a.9959.9959 0 0 0-1.41 0l-1.83 1.83 3.75 3.75z"
                            />
                          </svg>
                          <span
                            class="MuiTouchRipple-root css-8je8zh-MuiTouchRipple-root"
                          />
                        </button>
                      </div>
                    </div>
                    <div
                      aria-rowindex="7"
                      aria-selected="false"
                      class="MuiDataGrid-row"
                      data-id="5"
                      data-rowindex="5"
                      role="user-data-table-row"
                      style="max-height: 52px; min-height: 52px; --height: 52px;"
                    >
                      <div
                        class="MuiDataGrid-cellOffsetLeft"
                        role="presentation"
                        style="width: 0px;"
                      />
                      <div
                        aria-colindex="1"
                        aria-colspan="1"
                        class="MuiDataGrid-cell MuiDataGrid-cell--textLeft"
                        data-colindex="0"
                        data-field="name"
                        role="gridcell"
                        style="--width: 0px;"
                        tabindex="-1"
                        title="user5"
                      >
                        user5
                      </div>
                      <div
                        aria-colindex="2"
                        aria-colspan="1"
                        class="MuiDataGrid-cell MuiDataGrid-cell--textLeft"
                        data-colindex="1"
                        data-field="email"
                        role="gridcell"
                        style="--width: 0px;"
                        tabindex="-1"
                        title="user5@mail.com"
                      >
                        user5@mail.com
                      </div>
                      <div
                        aria-colindex="3"
                        aria-colspan="1"
                        class="MuiDataGrid-cell MuiDataGrid-cell--textLeft"
                        data-colindex="2"
                        data-field="role"
                        role="gridcell"
                        style="--width: 0px;"
                        tabindex="-1"
                        title="User"
                      >
                        User
                      </div>
                      <div
                        aria-colindex="4"
                        aria-colspan="1"
                        class="MuiDataGrid-cell MuiDataGrid-cell--textLeft"
                        data-colindex="3"
                        data-field="action"
                        role="gridcell"
                        style="--width: 100px;"
                        tabindex="-1"
                      >
                        <button
                          class="MuiButtonBase-root MuiIconButton-root MuiIconButton-sizeMedium css-78trlr-MuiButtonBase-root-MuiIconButton-root"
                          data-testid="edit-icon-action-5"
                          tabindex="0"
                          type="button"
                        >
                          <svg
                            aria-hidden="true"
                            class="MuiSvgIcon-root MuiSvgIcon-fontSizeMedium css-i4bv87-MuiSvgIcon-root"
                            data-testid="EditIcon"
                            focusable="false"
                            viewBox="0 0 24 24"
                          >
                            <path
                              d="M3 17.25V21h3.75L17.81 9.94l-3.75-3.75zM20.71 7.04c.39-.39.39-1.02 0-1.41l-2.34-2.34a.9959.9959 0 0 0-1.41 0l-1.83 1.83 3.75 3.75z"
                            />
                          </svg>
                          <span
                            class="MuiTouchRipple-root css-8je8zh-MuiTouchRipple-root"
                          />
                        </button>
                      </div>
                    </div>
                    <div
                      aria-rowindex="8"
                      aria-selected="false"
                      class="MuiDataGrid-row"
                      data-id="6"
                      data-rowindex="6"
                      role="user-data-table-row"
                      style="max-height: 52px; min-height: 52px; --height: 52px;"
                    >
                      <div
                        class="MuiDataGrid-cellOffsetLeft"
                        role="presentation"
                        style="width: 0px;"
                      />
                      <div
                        aria-colindex="1"
                        aria-colspan="1"
                        class="MuiDataGrid-cell MuiDataGrid-cell--textLeft"
                        data-colindex="0"
                        data-field="name"
                        role="gridcell"
                        style="--width: 0px;"
                        tabindex="-1"
                        title="user6"
                      >
                        user6
                      </div>
                      <div
                        aria-colindex="2"
                        aria-colspan="1"
                        class="MuiDataGrid-cell MuiDataGrid-cell--textLeft"
                        data-colindex="1"
                        data-field="email"
                        role="gridcell"
                        style="--width: 0px;"
                        tabindex="-1"
                        title="user6@mail.com"
                      >
                        user6@mail.com
                      </div>
                      <div
                        aria-colindex="3"
                        aria-colspan="1"
                        class="MuiDataGrid-cell MuiDataGrid-cell--textLeft"
                        data-colindex="2"
                        data-field="role"
                        role="gridcell"
                        style="--width: 0px;"
                        tabindex="-1"
                        title="User"
                      >
                        User
                      </div>
                      <div
                        aria-colindex="4"
                        aria-colspan="1"
                        class="MuiDataGrid-cell MuiDataGrid-cell--textLeft"
                        data-colindex="3"
                        data-field="action"
                        role="gridcell"
                        style="--width: 100px;"
                        tabindex="-1"
                      >
                        <button
                          class="MuiButtonBase-root MuiIconButton-root MuiIconButton-sizeMedium css-78trlr-MuiButtonBase-root-MuiIconButton-root"
                          data-testid="edit-icon-action-6"
                          tabindex="0"
                          type="button"
                        >
                          <svg
                            aria-hidden="true"
                            class="MuiSvgIcon-root MuiSvgIcon-fontSizeMedium css-i4bv87-MuiSvgIcon-root"
                            data-testid="EditIcon"
                            focusable="false"
                            viewBox="0 0 24 24"
                          >
                            <path
                              d="M3 17.25V21h3.75L17.81 9.94l-3.75-3.75zM20.71 7.04c.39-.39.39-1.02 0-1.41l-2.34-2.34a.9959.9959 0 0 0-1.41 0l-1.83 1.83 3.75 3.75z"
                            />
                          </svg>
                          <span
                            class="MuiTouchRipple-root css-8je8zh-MuiTouchRipple-root"
                          />
                        </button>
                      </div>
                    </div>
                    <div
                      aria-rowindex="9"
                      aria-selected="false"
                      class="MuiDataGrid-row"
                      data-id="7"
                      data-rowindex="7"
                      role="user-data-table-row"
                      style="max-height: 52px; min-height: 52px; --height: 52px;"
                    >
                      <div
                        class="MuiDataGrid-cellOffsetLeft"
                        role="presentation"
                        style="width: 0px;"
                      />
                      <div
                        aria-colindex="1"
                        aria-colspan="1"
                        class="MuiDataGrid-cell MuiDataGrid-cell--textLeft"
                        data-colindex="0"
                        data-field="name"
                        role="gridcell"
                        style="--width: 0px;"
                        tabindex="-1"
                        title="user7"
                      >
                        user7
                      </div>
                      <div
                        aria-colindex="2"
                        aria-colspan="1"
                        class="MuiDataGrid-cell MuiDataGrid-cell--textLeft"
                        data-colindex="1"
                        data-field="email"
                        role="gridcell"
                        style="--width: 0px;"
                        tabindex="-1"
                        title="user7@mail.com"
                      >
                        user7@mail.com
                      </div>
                      <div
                        aria-colindex="3"
                        aria-colspan="1"
                        class="MuiDataGrid-cell MuiDataGrid-cell--textLeft"
                        data-colindex="2"
                        data-field="role"
                        role="gridcell"
                        style="--width: 0px;"
                        tabindex="-1"
                        title="User"
                      >
                        User
                      </div>
                      <div
                        aria-colindex="4"
                        aria-colspan="1"
                        class="MuiDataGrid-cell MuiDataGrid-cell--textLeft"
                        data-colindex="3"
                        data-field="action"
                        role="gridcell"
                        style="--width: 100px;"
                        tabindex="-1"
                      >
                        <button
                          class="MuiButtonBase-root MuiIconButton-root MuiIconButton-sizeMedium css-78trlr-MuiButtonBase-root-MuiIconButton-root"
                          data-testid="edit-icon-action-7"
                          tabindex="0"
                          type="button"
                        >
                          <svg
                            aria-hidden="true"
                            class="MuiSvgIcon-root MuiSvgIcon-fontSizeMedium css-i4bv87-MuiSvgIcon-root"
                            data-testid="EditIcon"
                            focusable="false"
                            viewBox="0 0 24 24"
                          >
                            <path
                              d="M3 17.25V21h3.75L17.81 9.94l-3.75-3.75zM20.71 7.04c.39-.39.39-1.02 0-1.41l-2.34-2.34a.9959.9959 0 0 0-1.41 0l-1.83 1.83 3.75 3.75z"
                            />
                          </svg>
                          <span
                            class="MuiTouchRipple-root css-8je8zh-MuiTouchRipple-root"
                          />
                        </button>
                      </div>
                    </div>
                    <div
                      aria-rowindex="10"
                      aria-selected="false"
                      class="MuiDataGrid-row"
                      data-id="8"
                      data-rowindex="8"
                      role="user-data-table-row"
                      style="max-height: 52px; min-height: 52px; --height: 52px;"
                    >
                      <div
                        class="MuiDataGrid-cellOffsetLeft"
                        role="presentation"
                        style="width: 0px;"
                      />
                      <div
                        aria-colindex="1"
                        aria-colspan="1"
                        class="MuiDataGrid-cell MuiDataGrid-cell--textLeft"
                        data-colindex="0"
                        data-field="name"
                        role="gridcell"
                        style="--width: 0px;"
                        tabindex="-1"
                        title="user8"
                      >
                        user8
                      </div>
                      <div
                        aria-colindex="2"
                        aria-colspan="1"
                        class="MuiDataGrid-cell MuiDataGrid-cell--textLeft"
                        data-colindex="1"
                        data-field="email"
                        role="gridcell"
                        style="--width: 0px;"
                        tabindex="-1"
                        title="user8@mail.com"
                      >
                        user8@mail.com
                      </div>
                      <div
                        aria-colindex="3"
                        aria-colspan="1"
                        class="MuiDataGrid-cell MuiDataGrid-cell--textLeft"
                        data-colindex="2"
                        data-field="role"
                        role="gridcell"
                        style="--width: 0px;"
                        tabindex="-1"
                        title="User"
                      >
                        User
                      </div>
                      <div
                        aria-colindex="4"
                        aria-colspan="1"
                        class="MuiDataGrid-cell MuiDataGrid-cell--textLeft"
                        data-colindex="3"
                        data-field="action"
                        role="gridcell"
                        style="--width: 100px;"
                        tabindex="-1"
                      >
                        <button
                          class="MuiButtonBase-root MuiIconButton-root MuiIconButton-sizeMedium css-78trlr-MuiButtonBase-root-MuiIconButton-root"
                          data-testid="edit-icon-action-8"
                          tabindex="0"
                          type="button"
                        >
                          <svg
                            aria-hidden="true"
                            class="MuiSvgIcon-root MuiSvgIcon-fontSizeMedium css-i4bv87-MuiSvgIcon-root"
                            data-testid="EditIcon"
                            focusable="false"
                            viewBox="0 0 24 24"
                          >
                            <path
                              d="M3 17.25V21h3.75L17.81 9.94l-3.75-3.75zM20.71 7.04c.39-.39.39-1.02 0-1.41l-2.34-2.34a.9959.9959 0 0 0-1.41 0l-1.83 1.83 3.75 3.75z"
                            />
                          </svg>
                          <span
                            class="MuiTouchRipple-root css-8je8zh-MuiTouchRipple-root"
                          />
                        </button>
                      </div>
                    </div>
                    <div
                      aria-rowindex="11"
                      aria-selected="false"
                      class="MuiDataGrid-row"
                      data-id="9"
                      data-rowindex="9"
                      role="user-data-table-row"
                      style="max-height: 52px; min-height: 52px; --height: 52px;"
                    >
                      <div
                        class="MuiDataGrid-cellOffsetLeft"
                        role="presentation"
                        style="width: 0px;"
                      />
                      <div
                        aria-colindex="1"
                        aria-colspan="1"
                        class="MuiDataGrid-cell MuiDataGrid-cell--textLeft"
                        data-colindex="0"
                        data-field="name"
                        role="gridcell"
                        style="--width: 0px;"
                        tabindex="-1"
                        title="user9"
                      >
                        user9
                      </div>
                      <div
                        aria-colindex="2"
                        aria-colspan="1"
                        class="MuiDataGrid-cell MuiDataGrid-cell--textLeft"
                        data-colindex="1"
                        data-field="email"
                        role="gridcell"
                        style="--width: 0px;"
                        tabindex="-1"
                        title="user9@mail.com"
                      >
                        user9@mail.com
                      </div>
                      <div
                        aria-colindex="3"
                        aria-colspan="1"
                        class="MuiDataGrid-cell MuiDataGrid-cell--textLeft"
                        data-colindex="2"
                        data-field="role"
                        role="gridcell"
                        style="--width: 0px;"
                        tabindex="-1"
                        title="User"
                      >
                        User
                      </div>
                      <div
                        aria-colindex="4"
                        aria-colspan="1"
                        class="MuiDataGrid-cell MuiDataGrid-cell--textLeft"
                        data-colindex="3"
                        data-field="action"
                        role="gridcell"
                        style="--width: 100px;"
                        tabindex="-1"
                      >
                        <button
                          class="MuiButtonBase-root MuiIconButton-root MuiIconButton-sizeMedium css-78trlr-MuiButtonBase-root-MuiIconButton-root"
                          data-testid="edit-icon-action-9"
                          tabindex="0"
                          type="button"
                        >
                          <svg
                            aria-hidden="true"
                            class="MuiSvgIcon-root MuiSvgIcon-fontSizeMedium css-i4bv87-MuiSvgIcon-root"
                            data-testid="EditIcon"
                            focusable="false"
                            viewBox="0 0 24 24"
                          >
                            <path
                              d="M3 17.25V21h3.75L17.81 9.94l-3.75-3.75zM20.71 7.04c.39-.39.39-1.02 0-1.41l-2.34-2.34a.9959.9959 0 0 0-1.41 0l-1.83 1.83 3.75 3.75z"
                            />
                          </svg>
                          <span
                            class="MuiTouchRipple-root css-8je8zh-MuiTouchRipple-root"
                          />
                        </button>
                      </div>
                    </div>
                    <div
                      aria-rowindex="12"
                      aria-selected="false"
                      class="MuiDataGrid-row"
                      data-id="10"
                      data-rowindex="10"
                      role="user-data-table-row"
                      style="max-height: 52px; min-height: 52px; --height: 52px;"
                    >
                      <div
                        class="MuiDataGrid-cellOffsetLeft"
                        role="presentation"
                        style="width: 0px;"
                      />
                      <div
                        aria-colindex="1"
                        aria-colspan="1"
                        class="MuiDataGrid-cell MuiDataGrid-cell--textLeft"
                        data-colindex="0"
                        data-field="name"
                        role="gridcell"
                        style="--width: 0px;"
                        tabindex="-1"
                        title="user10"
                      >
                        user10
                      </div>
                      <div
                        aria-colindex="2"
                        aria-colspan="1"
                        class="MuiDataGrid-cell MuiDataGrid-cell--textLeft"
                        data-colindex="1"
                        data-field="email"
                        role="gridcell"
                        style="--width: 0px;"
                        tabindex="-1"
                        title="user10@mail.com"
                      >
                        user10@mail.com
                      </div>
                      <div
                        aria-colindex="3"
                        aria-colspan="1"
                        class="MuiDataGrid-cell MuiDataGrid-cell--textLeft"
                        data-colindex="2"
                        data-field="role"
                        role="gridcell"
                        style="--width: 0px;"
                        tabindex="-1"
                        title="User"
                      >
                        User
                      </div>
                      <div
                        aria-colindex="4"
                        aria-colspan="1"
                        class="MuiDataGrid-cell MuiDataGrid-cell--textLeft"
                        data-colindex="3"
                        data-field="action"
                        role="gridcell"
                        style="--width: 100px;"
                        tabindex="-1"
                      >
                        <button
                          class="MuiButtonBase-root MuiIconButton-root MuiIconButton-sizeMedium css-78trlr-MuiButtonBase-root-MuiIconButton-root"
                          data-testid="edit-icon-action-10"
                          tabindex="0"
                          type="button"
                        >
                          <svg
                            aria-hidden="true"
                            class="MuiSvgIcon-root MuiSvgIcon-fontSizeMedium css-i4bv87-MuiSvgIcon-root"
                            data-testid="EditIcon"
                            focusable="false"
                            viewBox="0 0 24 24"
                          >
                            <path
                              d="M3 17.25V21h3.75L17.81 9.94l-3.75-3.75zM20.71 7.04c.39-.39.39-1.02 0-1.41l-2.34-2.34a.9959.9959 0 0 0-1.41 0l-1.83 1.83 3.75 3.75z"
                            />
                          </svg>
                          <span
                            class="MuiTouchRipple-root css-8je8zh-MuiTouchRipple-root"
                          />
                        </button>
                      </div>
                    </div>
                    <div
                      aria-rowindex="13"
                      aria-selected="false"
                      class="MuiDataGrid-row"
                      data-id="11"
                      data-rowindex="11"
                      role="user-data-table-row"
                      style="max-height: 52px; min-height: 52px; --height: 52px;"
                    >
                      <div
                        class="MuiDataGrid-cellOffsetLeft"
                        role="presentation"
                        style="width: 0px;"
                      />
                      <div
                        aria-colindex="1"
                        aria-colspan="1"
                        class="MuiDataGrid-cell MuiDataGrid-cell--textLeft"
                        data-colindex="0"
                        data-field="name"
                        role="gridcell"
                        style="--width: 0px;"
                        tabindex="-1"
                        title="user11"
                      >
                        user11
                      </div>
                      <div
                        aria-colindex="2"
                        aria-colspan="1"
                        class="MuiDataGrid-cell MuiDataGrid-cell--textLeft"
                        data-colindex="1"
                        data-field="email"
                        role="gridcell"
                        style="--width: 0px;"
                        tabindex="-1"
                        title="user11@mail.com"
                      >
                        user11@mail.com
                      </div>
                      <div
                        aria-colindex="3"
                        aria-colspan="1"
                        class="MuiDataGrid-cell MuiDataGrid-cell--textLeft"
                        data-colindex="2"
                        data-field="role"
                        role="gridcell"
                        style="--width: 0px;"
                        tabindex="-1"
                        title="User"
                      >
                        User
                      </div>
                      <div
                        aria-colindex="4"
                        aria-colspan="1"
                        class="MuiDataGrid-cell MuiDataGrid-cell--textLeft"
                        data-colindex="3"
                        data-field="action"
                        role="gridcell"
                        style="--width: 100px;"
                        tabindex="-1"
                      >
                        <button
                          class="MuiButtonBase-root MuiIconButton-root MuiIconButton-sizeMedium css-78trlr-MuiButtonBase-root-MuiIconButton-root"
                          data-testid="edit-icon-action-11"
                          tabindex="0"
                          type="button"
                        >
                          <svg
                            aria-hidden="true"
                            class="MuiSvgIcon-root MuiSvgIcon-fontSizeMedium css-i4bv87-MuiSvgIcon-root"
                            data-testid="EditIcon"
                            focusable="false"
                            viewBox="0 0 24 24"
                          >
                            <path
                              d="M3 17.25V21h3.75L17.81 9.94l-3.75-3.75zM20.71 7.04c.39-.39.39-1.02 0-1.41l-2.34-2.34a.9959.9959 0 0 0-1.41 0l-1.83 1.83 3.75 3.75z"
                            />
                          </svg>
                          <span
                            class="MuiTouchRipple-root css-8je8zh-MuiTouchRipple-root"
                          />
                        </button>
                      </div>
                    </div>
                    <div
                      aria-rowindex="14"
                      aria-selected="false"
                      class="MuiDataGrid-row"
                      data-id="12"
                      data-rowindex="12"
                      role="user-data-table-row"
                      style="max-height: 52px; min-height: 52px; --height: 52px;"
                    >
                      <div
                        class="MuiDataGrid-cellOffsetLeft"
                        role="presentation"
                        style="width: 0px;"
                      />
                      <div
                        aria-colindex="1"
                        aria-colspan="1"
                        class="MuiDataGrid-cell MuiDataGrid-cell--textLeft"
                        data-colindex="0"
                        data-field="name"
                        role="gridcell"
                        style="--width: 0px;"
                        tabindex="-1"
                        title="user12"
                      >
                        user12
                      </div>
                      <div
                        aria-colindex="2"
                        aria-colspan="1"
                        class="MuiDataGrid-cell MuiDataGrid-cell--textLeft"
                        data-colindex="1"
                        data-field="email"
                        role="gridcell"
                        style="--width: 0px;"
                        tabindex="-1"
                        title="user12@mail.com"
                      >
                        user12@mail.com
                      </div>
                      <div
                        aria-colindex="3"
                        aria-colspan="1"
                        class="MuiDataGrid-cell MuiDataGrid-cell--textLeft"
                        data-colindex="2"
                        data-field="role"
                        role="gridcell"
                        style="--width: 0px;"
                        tabindex="-1"
                        title="User"
                      >
                        User
                      </div>
                      <div
                        aria-colindex="4"
                        aria-colspan="1"
                        class="MuiDataGrid-cell MuiDataGrid-cell--textLeft"
                        data-colindex="3"
                        data-field="action"
                        role="gridcell"
                        style="--width: 100px;"
                        tabindex="-1"
                      >
                        <button
                          class="MuiButtonBase-root MuiIconButton-root MuiIconButton-sizeMedium css-78trlr-MuiButtonBase-root-MuiIconButton-root"
                          data-testid="edit-icon-action-12"
                          tabindex="0"
                          type="button"
                        >
                          <svg
                            aria-hidden="true"
                            class="MuiSvgIcon-root MuiSvgIcon-fontSizeMedium css-i4bv87-MuiSvgIcon-root"
                            data-testid="EditIcon"
                            focusable="false"
                            viewBox="0 0 24 24"
                          >
                            <path
                              d="M3 17.25V21h3.75L17.81 9.94l-3.75-3.75zM20.71 7.04c.39-.39.39-1.02 0-1.41l-2.34-2.34a.9959.9959 0 0 0-1.41 0l-1.83 1.83 3.75 3.75z"
                            />
                          </svg>
                          <span
                            class="MuiTouchRipple-root css-8je8zh-MuiTouchRipple-root"
                          />
                        </button>
                      </div>
                    </div>
                    <div
                      aria-rowindex="15"
                      aria-selected="false"
                      class="MuiDataGrid-row"
                      data-id="13"
                      data-rowindex="13"
                      role="user-data-table-row"
                      style="max-height: 52px; min-height: 52px; --height: 52px;"
                    >
                      <div
                        class="MuiDataGrid-cellOffsetLeft"
                        role="presentation"
                        style="width: 0px;"
                      />
                      <div
                        aria-colindex="1"
                        aria-colspan="1"
                        class="MuiDataGrid-cell MuiDataGrid-cell--textLeft"
                        data-colindex="0"
                        data-field="name"
                        role="gridcell"
                        style="--width: 0px;"
                        tabindex="-1"
                        title="user13"
                      >
                        user13
                      </div>
                      <div
                        aria-colindex="2"
                        aria-colspan="1"
                        class="MuiDataGrid-cell MuiDataGrid-cell--textLeft"
                        data-colindex="1"
                        data-field="email"
                        role="gridcell"
                        style="--width: 0px;"
                        tabindex="-1"
                        title="user13@mail.com"
                      >
                        user13@mail.com
                      </div>
                      <div
                        aria-colindex="3"
                        aria-colspan="1"
                        class="MuiDataGrid-cell MuiDataGrid-cell--textLeft"
                        data-colindex="2"
                        data-field="role"
                        role="gridcell"
                        style="--width: 0px;"
                        tabindex="-1"
                        title="User"
                      >
                        User
                      </div>
                      <div
                        aria-colindex="4"
                        aria-colspan="1"
                        class="MuiDataGrid-cell MuiDataGrid-cell--textLeft"
                        data-colindex="3"
                        data-field="action"
                        role="gridcell"
                        style="--width: 100px;"
                        tabindex="-1"
                      >
                        <button
                          class="MuiButtonBase-root MuiIconButton-root MuiIconButton-sizeMedium css-78trlr-MuiButtonBase-root-MuiIconButton-root"
                          data-testid="edit-icon-action-13"
                          tabindex="0"
                          type="button"
                        >
                          <svg
                            aria-hidden="true"
                            class="MuiSvgIcon-root MuiSvgIcon-fontSizeMedium css-i4bv87-MuiSvgIcon-root"
                            data-testid="EditIcon"
                            focusable="false"
                            viewBox="0 0 24 24"
                          >
                            <path
                              d="M3 17.25V21h3.75L17.81 9.94l-3.75-3.75zM20.71 7.04c.39-.39.39-1.02 0-1.41l-2.34-2.34a.9959.9959 0 0 0-1.41 0l-1.83 1.83 3.75 3.75z"
                            />
                          </svg>
                          <span
                            class="MuiTouchRipple-root css-8je8zh-MuiTouchRipple-root"
                          />
                        </button>
                      </div>
                    </div>
                    <div
                      aria-rowindex="16"
                      aria-selected="false"
                      class="MuiDataGrid-row"
                      data-id="14"
                      data-rowindex="14"
                      role="user-data-table-row"
                      style="max-height: 52px; min-height: 52px; --height: 52px;"
                    >
                      <div
                        class="MuiDataGrid-cellOffsetLeft"
                        role="presentation"
                        style="width: 0px;"
                      />
                      <div
                        aria-colindex="1"
                        aria-colspan="1"
                        class="MuiDataGrid-cell MuiDataGrid-cell--textLeft"
                        data-colindex="0"
                        data-field="name"
                        role="gridcell"
                        style="--width: 0px;"
                        tabindex="-1"
                        title="user14"
                      >
                        user14
                      </div>
                      <div
                        aria-colindex="2"
                        aria-colspan="1"
                        class="MuiDataGrid-cell MuiDataGrid-cell--textLeft"
                        data-colindex="1"
                        data-field="email"
                        role="gridcell"
                        style="--width: 0px;"
                        tabindex="-1"
                        title="user14@mail.com"
                      >
                        user14@mail.com
                      </div>
                      <div
                        aria-colindex="3"
                        aria-colspan="1"
                        class="MuiDataGrid-cell MuiDataGrid-cell--textLeft"
                        data-colindex="2"
                        data-field="role"
                        role="gridcell"
                        style="--width: 0px;"
                        tabindex="-1"
                        title="User"
                      >
                        User
                      </div>
                      <div
                        aria-colindex="4"
                        aria-colspan="1"
                        class="MuiDataGrid-cell MuiDataGrid-cell--textLeft"
                        data-colindex="3"
                        data-field="action"
                        role="gridcell"
                        style="--width: 100px;"
                        tabindex="-1"
                      >
                        <button
                          class="MuiButtonBase-root MuiIconButton-root MuiIconButton-sizeMedium css-78trlr-MuiButtonBase-root-MuiIconButton-root"
                          data-testid="edit-icon-action-14"
                          tabindex="0"
                          type="button"
                        >
                          <svg
                            aria-hidden="true"
                            class="MuiSvgIcon-root MuiSvgIcon-fontSizeMedium css-i4bv87-MuiSvgIcon-root"
                            data-testid="EditIcon"
                            focusable="false"
                            viewBox="0 0 24 24"
                          >
                            <path
                              d="M3 17.25V21h3.75L17.81 9.94l-3.75-3.75zM20.71 7.04c.39-.39.39-1.02 0-1.41l-2.34-2.34a.9959.9959 0 0 0-1.41 0l-1.83 1.83 3.75 3.75z"
                            />
                          </svg>
                          <span
                            class="MuiTouchRipple-root css-8je8zh-MuiTouchRipple-root"
                          />
                        </button>
                      </div>
                    </div>
                    <div
                      aria-rowindex="17"
                      aria-selected="false"
                      class="MuiDataGrid-row"
                      data-id="15"
                      data-rowindex="15"
                      role="user-data-table-row"
                      style="max-height: 52px; min-height: 52px; --height: 52px;"
                    >
                      <div
                        class="MuiDataGrid-cellOffsetLeft"
                        role="presentation"
                        style="width: 0px;"
                      />
                      <div
                        aria-colindex="1"
                        aria-colspan="1"
                        class="MuiDataGrid-cell MuiDataGrid-cell--textLeft"
                        data-colindex="0"
                        data-field="name"
                        role="gridcell"
                        style="--width: 0px;"
                        tabindex="-1"
                        title="user15"
                      >
                        user15
                      </div>
                      <div
                        aria-colindex="2"
                        aria-colspan="1"
                        class="MuiDataGrid-cell MuiDataGrid-cell--textLeft"
                        data-colindex="1"
                        data-field="email"
                        role="gridcell"
                        style="--width: 0px;"
                        tabindex="-1"
                        title="user15@mail.com"
                      >
                        user15@mail.com
                      </div>
                      <div
                        aria-colindex="3"
                        aria-colspan="1"
                        class="MuiDataGrid-cell MuiDataGrid-cell--textLeft"
                        data-colindex="2"
                        data-field="role"
                        role="gridcell"
                        style="--width: 0px;"
                        tabindex="-1"
                        title="User"
                      >
                        User
                      </div>
                      <div
                        aria-colindex="4"
                        aria-colspan="1"
                        class="MuiDataGrid-cell MuiDataGrid-cell--textLeft"
                        data-colindex="3"
                        data-field="action"
                        role="gridcell"
                        style="--width: 100px;"
                        tabindex="-1"
                      >
                        <button
                          class="MuiButtonBase-root MuiIconButton-root MuiIconButton-sizeMedium css-78trlr-MuiButtonBase-root-MuiIconButton-root"
                          data-testid="edit-icon-action-15"
                          tabindex="0"
                          type="button"
                        >
                          <svg
                            aria-hidden="true"
                            class="MuiSvgIcon-root MuiSvgIcon-fontSizeMedium css-i4bv87-MuiSvgIcon-root"
                            data-testid="EditIcon"
                            focusable="false"
                            viewBox="0 0 24 24"
                          >
                            <path
                              d="M3 17.25V21h3.75L17.81 9.94l-3.75-3.75zM20.71 7.04c.39-.39.39-1.02 0-1.41l-2.34-2.34a.9959.9959 0 0 0-1.41 0l-1.83 1.83 3.75 3.75z"
                            />
                          </svg>
                          <span
                            class="MuiTouchRipple-root css-8je8zh-MuiTouchRipple-root"
                          />
                        </button>
                      </div>
                    </div>
                    <div
                      aria-rowindex="18"
                      aria-selected="false"
                      class="MuiDataGrid-row"
                      data-id="16"
                      data-rowindex="16"
                      role="user-data-table-row"
                      style="max-height: 52px; min-height: 52px; --height: 52px;"
                    >
                      <div
                        class="MuiDataGrid-cellOffsetLeft"
                        role="presentation"
                        style="width: 0px;"
                      />
                      <div
                        aria-colindex="1"
                        aria-colspan="1"
                        class="MuiDataGrid-cell MuiDataGrid-cell--textLeft"
                        data-colindex="0"
                        data-field="name"
                        role="gridcell"
                        style="--width: 0px;"
                        tabindex="-1"
                        title="user16"
                      >
                        user16
                      </div>
                      <div
                        aria-colindex="2"
                        aria-colspan="1"
                        class="MuiDataGrid-cell MuiDataGrid-cell--textLeft"
                        data-colindex="1"
                        data-field="email"
                        role="gridcell"
                        style="--width: 0px;"
                        tabindex="-1"
                        title="user16@mail.com"
                      >
                        user16@mail.com
                      </div>
                      <div
                        aria-colindex="3"
                        aria-colspan="1"
                        class="MuiDataGrid-cell MuiDataGrid-cell--textLeft"
                        data-colindex="2"
                        data-field="role"
                        role="gridcell"
                        style="--width: 0px;"
                        tabindex="-1"
                        title="User"
                      >
                        User
                      </div>
                      <div
                        aria-colindex="4"
                        aria-colspan="1"
                        class="MuiDataGrid-cell MuiDataGrid-cell--textLeft"
                        data-colindex="3"
                        data-field="action"
                        role="gridcell"
                        style="--width: 100px;"
                        tabindex="-1"
                      >
                        <button
                          class="MuiButtonBase-root MuiIconButton-root MuiIconButton-sizeMedium css-78trlr-MuiButtonBase-root-MuiIconButton-root"
                          data-testid="edit-icon-action-16"
                          tabindex="0"
                          type="button"
                        >
                          <svg
                            aria-hidden="true"
                            class="MuiSvgIcon-root MuiSvgIcon-fontSizeMedium css-i4bv87-MuiSvgIcon-root"
                            data-testid="EditIcon"
                            focusable="false"
                            viewBox="0 0 24 24"
                          >
                            <path
                              d="M3 17.25V21h3.75L17.81 9.94l-3.75-3.75zM20.71 7.04c.39-.39.39-1.02 0-1.41l-2.34-2.34a.9959.9959 0 0 0-1.41 0l-1.83 1.83 3.75 3.75z"
                            />
                          </svg>
                          <span
                            class="MuiTouchRipple-root css-8je8zh-MuiTouchRipple-root"
                          />
                        </button>
                      </div>
                    </div>
                    <div
                      aria-rowindex="19"
                      aria-selected="false"
                      class="MuiDataGrid-row"
                      data-id="17"
                      data-rowindex="17"
                      role="user-data-table-row"
                      style="max-height: 52px; min-height: 52px; --height: 52px;"
                    >
                      <div
                        class="MuiDataGrid-cellOffsetLeft"
                        role="presentation"
                        style="width: 0px;"
                      />
                      <div
                        aria-colindex="1"
                        aria-colspan="1"
                        class="MuiDataGrid-cell MuiDataGrid-cell--textLeft"
                        data-colindex="0"
                        data-field="name"
                        role="gridcell"
                        style="--width: 0px;"
                        tabindex="-1"
                        title="user17"
                      >
                        user17
                      </div>
                      <div
                        aria-colindex="2"
                        aria-colspan="1"
                        class="MuiDataGrid-cell MuiDataGrid-cell--textLeft"
                        data-colindex="1"
                        data-field="email"
                        role="gridcell"
                        style="--width: 0px;"
                        tabindex="-1"
                        title="user17@mail.com"
                      >
                        user17@mail.com
                      </div>
                      <div
                        aria-colindex="3"
                        aria-colspan="1"
                        class="MuiDataGrid-cell MuiDataGrid-cell--textLeft"
                        data-colindex="2"
                        data-field="role"
                        role="gridcell"
                        style="--width: 0px;"
                        tabindex="-1"
                        title="User"
                      >
                        User
                      </div>
                      <div
                        aria-colindex="4"
                        aria-colspan="1"
                        class="MuiDataGrid-cell MuiDataGrid-cell--textLeft"
                        data-colindex="3"
                        data-field="action"
                        role="gridcell"
                        style="--width: 100px;"
                        tabindex="-1"
                      >
                        <button
                          class="MuiButtonBase-root MuiIconButton-root MuiIconButton-sizeMedium css-78trlr-MuiButtonBase-root-MuiIconButton-root"
                          data-testid="edit-icon-action-17"
                          tabindex="0"
                          type="button"
                        >
                          <svg
                            aria-hidden="true"
                            class="MuiSvgIcon-root MuiSvgIcon-fontSizeMedium css-i4bv87-MuiSvgIcon-root"
                            data-testid="EditIcon"
                            focusable="false"
                            viewBox="0 0 24 24"
                          >
                            <path
                              d="M3 17.25V21h3.75L17.81 9.94l-3.75-3.75zM20.71 7.04c.39-.39.39-1.02 0-1.41l-2.34-2.34a.9959.9959 0 0 0-1.41 0l-1.83 1.83 3.75 3.75z"
                            />
                          </svg>
                          <span
                            class="MuiTouchRipple-root css-8je8zh-MuiTouchRipple-root"
                          />
                        </button>
                      </div>
                    </div>
                    <div
                      aria-rowindex="20"
                      aria-selected="false"
                      class="MuiDataGrid-row"
                      data-id="18"
                      data-rowindex="18"
                      role="user-data-table-row"
                      style="max-height: 52px; min-height: 52px; --height: 52px;"
                    >
                      <div
                        class="MuiDataGrid-cellOffsetLeft"
                        role="presentation"
                        style="width: 0px;"
                      />
                      <div
                        aria-colindex="1"
                        aria-colspan="1"
                        class="MuiDataGrid-cell MuiDataGrid-cell--textLeft"
                        data-colindex="0"
                        data-field="name"
                        role="gridcell"
                        style="--width: 0px;"
                        tabindex="-1"
                        title="user18"
                      >
                        user18
                      </div>
                      <div
                        aria-colindex="2"
                        aria-colspan="1"
                        class="MuiDataGrid-cell MuiDataGrid-cell--textLeft"
                        data-colindex="1"
                        data-field="email"
                        role="gridcell"
                        style="--width: 0px;"
                        tabindex="-1"
                        title="user18@mail.com"
                      >
                        user18@mail.com
                      </div>
                      <div
                        aria-colindex="3"
                        aria-colspan="1"
                        class="MuiDataGrid-cell MuiDataGrid-cell--textLeft"
                        data-colindex="2"
                        data-field="role"
                        role="gridcell"
                        style="--width: 0px;"
                        tabindex="-1"
                        title="User"
                      >
                        User
                      </div>
                      <div
                        aria-colindex="4"
                        aria-colspan="1"
                        class="MuiDataGrid-cell MuiDataGrid-cell--textLeft"
                        data-colindex="3"
                        data-field="action"
                        role="gridcell"
                        style="--width: 100px;"
                        tabindex="-1"
                      >
                        <button
                          class="MuiButtonBase-root MuiIconButton-root MuiIconButton-sizeMedium css-78trlr-MuiButtonBase-root-MuiIconButton-root"
                          data-testid="edit-icon-action-18"
                          tabindex="0"
                          type="button"
                        >
                          <svg
                            aria-hidden="true"
                            class="MuiSvgIcon-root MuiSvgIcon-fontSizeMedium css-i4bv87-MuiSvgIcon-root"
                            data-testid="EditIcon"
                            focusable="false"
                            viewBox="0 0 24 24"
                          >
                            <path
                              d="M3 17.25V21h3.75L17.81 9.94l-3.75-3.75zM20.71 7.04c.39-.39.39-1.02 0-1.41l-2.34-2.34a.9959.9959 0 0 0-1.41 0l-1.83 1.83 3.75 3.75z"
                            />
                          </svg>
                          <span
                            class="MuiTouchRipple-root css-8je8zh-MuiTouchRipple-root"
                          />
                        </button>
                      </div>
                    </div>
                    <div
                      aria-rowindex="21"
                      aria-selected="false"
                      class="MuiDataGrid-row"
                      data-id="19"
                      data-rowindex="19"
                      role="user-data-table-row"
                      style="max-height: 52px; min-height: 52px; --height: 52px;"
                    >
                      <div
                        class="MuiDataGrid-cellOffsetLeft"
                        role="presentation"
                        style="width: 0px;"
                      />
                      <div
                        aria-colindex="1"
                        aria-colspan="1"
                        class="MuiDataGrid-cell MuiDataGrid-cell--textLeft"
                        data-colindex="0"
                        data-field="name"
                        role="gridcell"
                        style="--width: 0px;"
                        tabindex="-1"
                        title="user19"
                      >
                        user19
                      </div>
                      <div
                        aria-colindex="2"
                        aria-colspan="1"
                        class="MuiDataGrid-cell MuiDataGrid-cell--textLeft"
                        data-colindex="1"
                        data-field="email"
                        role="gridcell"
                        style="--width: 0px;"
                        tabindex="-1"
                        title="user19@mail.com"
                      >
                        user19@mail.com
                      </div>
                      <div
                        aria-colindex="3"
                        aria-colspan="1"
                        class="MuiDataGrid-cell MuiDataGrid-cell--textLeft"
                        data-colindex="2"
                        data-field="role"
                        role="gridcell"
                        style="--width: 0px;"
                        tabindex="-1"
                        title="User"
                      >
                        User
                      </div>
                      <div
                        aria-colindex="4"
                        aria-colspan="1"
                        class="MuiDataGrid-cell MuiDataGrid-cell--textLeft"
                        data-colindex="3"
                        data-field="action"
                        role="gridcell"
                        style="--width: 100px;"
                        tabindex="-1"
                      >
                        <button
                          class="MuiButtonBase-root MuiIconButton-root MuiIconButton-sizeMedium css-78trlr-MuiButtonBase-root-MuiIconButton-root"
                          data-testid="edit-icon-action-19"
                          tabindex="0"
                          type="button"
                        >
                          <svg
                            aria-hidden="true"
                            class="MuiSvgIcon-root MuiSvgIcon-fontSizeMedium css-i4bv87-MuiSvgIcon-root"
                            data-testid="EditIcon"
                            focusable="false"
                            viewBox="0 0 24 24"
                          >
                            <path
                              d="M3 17.25V21h3.75L17.81 9.94l-3.75-3.75zM20.71 7.04c.39-.39.39-1.02 0-1.41l-2.34-2.34a.9959.9959 0 0 0-1.41 0l-1.83 1.83 3.75 3.75z"
                            />
                          </svg>
                          <span
                            class="MuiTouchRipple-root css-8je8zh-MuiTouchRipple-root"
                          />
                        </button>
                      </div>
                    </div>
                    <div
                      aria-rowindex="22"
                      aria-selected="false"
                      class="MuiDataGrid-row MuiDataGrid-row--lastVisible"
                      data-id="20"
                      data-rowindex="20"
                      role="user-data-table-row"
                      style="max-height: 52px; min-height: 52px; --height: 52px;"
                    >
                      <div
                        class="MuiDataGrid-cellOffsetLeft"
                        role="presentation"
                        style="width: 0px;"
                      />
                      <div
                        aria-colindex="1"
                        aria-colspan="1"
                        class="MuiDataGrid-cell MuiDataGrid-cell--textLeft"
                        data-colindex="0"
                        data-field="name"
                        role="gridcell"
                        style="--width: 0px;"
                        tabindex="-1"
                        title="user20"
                      >
                        user20
                      </div>
                      <div
                        aria-colindex="2"
                        aria-colspan="1"
                        class="MuiDataGrid-cell MuiDataGrid-cell--textLeft"
                        data-colindex="1"
                        data-field="email"
                        role="gridcell"
                        style="--width: 0px;"
                        tabindex="-1"
                        title="user20@mail.com"
                      >
                        user20@mail.com
                      </div>
                      <div
                        aria-colindex="3"
                        aria-colspan="1"
                        class="MuiDataGrid-cell MuiDataGrid-cell--textLeft"
                        data-colindex="2"
                        data-field="role"
                        role="gridcell"
                        style="--width: 0px;"
                        tabindex="-1"
                        title="User"
                      >
                        User
                      </div>
                      <div
                        aria-colindex="4"
                        aria-colspan="1"
                        class="MuiDataGrid-cell MuiDataGrid-cell--textLeft"
                        data-colindex="3"
                        data-field="action"
                        role="gridcell"
                        style="--width: 100px;"
                        tabindex="-1"
                      >
                        <button
                          class="MuiButtonBase-root MuiIconButton-root MuiIconButton-sizeMedium css-78trlr-MuiButtonBase-root-MuiIconButton-root"
                          data-testid="edit-icon-action-20"
                          tabindex="0"
                          type="button"
                        >
                          <svg
                            aria-hidden="true"
                            class="MuiSvgIcon-root MuiSvgIcon-fontSizeMedium css-i4bv87-MuiSvgIcon-root"
                            data-testid="EditIcon"
                            focusable="false"
                            viewBox="0 0 24 24"
                          >
                            <path
                              d="M3 17.25V21h3.75L17.81 9.94l-3.75-3.75zM20.71 7.04c.39-.39.39-1.02 0-1.41l-2.34-2.34a.9959.9959 0 0 0-1.41 0l-1.83 1.83 3.75 3.75z"
                            />
                          </svg>
                          <span
                            class="MuiTouchRipple-root css-8je8zh-MuiTouchRipple-root"
                          />
                        </button>
                      </div>
                    </div>
                  </div>
                </div>
                <div
                  class="MuiDataGrid-bottomContainer MuiDataGrid-container--bottom css-14egwce"
                  role="presentation"
                />
              </div>
              <div
                class="MuiDataGrid-scrollbar MuiDataGrid-scrollbar--horizontal css-1rtad1"
                tabindex="-1"
              >
                <div
                  class="MuiDataGrid-scrollbarContent css-1baulvz"
                />
              </div>
            </div>
          </div>
        </div>
        <div
          class="MuiTablePagination-root css-18khl2d-MuiTablePagination-root"
          data-testid="user-data-table-pagination"
        >
          <div
            class="MuiToolbar-root MuiToolbar-gutters MuiToolbar-regular MuiTablePagination-toolbar css-78c6dr-MuiToolbar-root-MuiTablePagination-toolbar"
          >
            <div
              class="MuiTablePagination-spacer css-1psng7p-MuiTablePagination-spacer"
            />
            <p
              class="MuiTablePagination-displayedRows css-levciy-MuiTablePagination-displayedRows"
            >
              1–10 of 21
            </p>
            <div
              class="MuiTablePagination-actions"
            >
              <button
                aria-label="Go to first page"
                class="MuiButtonBase-root Mui-disabled MuiIconButton-root Mui-disabled MuiIconButton-sizeMedium css-78trlr-MuiButtonBase-root-MuiIconButton-root"
                disabled=""
                tabindex="-1"
                title="Go to first page"
                type="button"
              >
                <svg
                  aria-hidden="true"
                  class="MuiSvgIcon-root MuiSvgIcon-fontSizeMedium css-i4bv87-MuiSvgIcon-root"
                  data-testid="FirstPageIcon"
                  focusable="false"
                  viewBox="0 0 24 24"
                >
                  <path
                    d="M18.41 16.59L13.82 12l4.59-4.59L17 6l-6 6 6 6zM6 6h2v12H6z"
                  />
                </svg>
              </button>
              <button
                aria-label="Go to previous page"
                class="MuiButtonBase-root Mui-disabled MuiIconButton-root Mui-disabled MuiIconButton-colorInherit MuiIconButton-sizeMedium css-zylse7-MuiButtonBase-root-MuiIconButton-root"
                disabled=""
                tabindex="-1"
                title="Go to previous page"
                type="button"
              >
                <svg
                  aria-hidden="true"
                  class="MuiSvgIcon-root MuiSvgIcon-fontSizeMedium css-i4bv87-MuiSvgIcon-root"
                  data-testid="KeyboardArrowLeftIcon"
                  focusable="false"
                  viewBox="0 0 24 24"
                >
                  <path
                    d="M15.41 16.09l-4.58-4.59 4.58-4.59L14 5.5l-6 6 6 6z"
                  />
                </svg>
              </button>
              <button
                aria-label="Go to next page"
                class="MuiButtonBase-root MuiIconButton-root MuiIconButton-colorInherit MuiIconButton-sizeMedium css-zylse7-MuiButtonBase-root-MuiIconButton-root"
                tabindex="0"
                title="Go to next page"
                type="button"
              >
                <svg
                  aria-hidden="true"
                  class="MuiSvgIcon-root MuiSvgIcon-fontSizeMedium css-i4bv87-MuiSvgIcon-root"
                  data-testid="KeyboardArrowRightIcon"
                  focusable="false"
                  viewBox="0 0 24 24"
                >
                  <path
                    d="M8.59 16.34l4.58-4.59-4.58-4.59L10 5.75l6 6-6 6z"
                  />
                </svg>
                <span
                  class="MuiTouchRipple-root css-8je8zh-MuiTouchRipple-root"
                />
              </button>
              <button
                aria-label="Go to last page"
                class="MuiButtonBase-root MuiIconButton-root MuiIconButton-sizeMedium css-78trlr-MuiButtonBase-root-MuiIconButton-root"
                tabindex="0"
                title="Go to last page"
                type="button"
              >
                <svg
                  aria-hidden="true"
                  class="MuiSvgIcon-root MuiSvgIcon-fontSizeMedium css-i4bv87-MuiSvgIcon-root"
                  data-testid="LastPageIcon"
                  focusable="false"
                  viewBox="0 0 24 24"
                >
                  <path
                    d="M5.59 7.41L10.18 12l-4.59 4.59L7 18l6-6-6-6zM16 6h2v12h-2z"
                  />
                </svg>
                <span
                  class="MuiTouchRipple-root css-8je8zh-MuiTouchRipple-root"
                />
              </button>
            </div>
          </div>
        </div>
      </div>
    </div>
  </div>
</DocumentFragment>
`;
